
> package.json@0.0.0 build
> tsc -b && vite build

src/Components/SimpleTransparentForm.tsx(4,77): error TS6133: 'FaStar' is declared but its value is never read.
src/Pages/AffiliateProgram.tsx(10,18): error TS1484: 'Variants' is a type and must be imported using a type-only import when 'verbatimModuleSyntax' is enabled.
src/Pages/Community.tsx(8,18): error TS1484: 'Variants' is a type and must be imported using a type-only import when 'verbatimModuleSyntax' is enabled.
src/Pages/ForSellers.tsx(6,18): error TS1484: 'Variants' is a type and must be imported using a type-only import when 'verbatimModuleSyntax' is enabled.
src/Pages/Goal.tsx(5,18): error TS1484: 'Variants' is a type and must be imported using a type-only import when 'verbatimModuleSyntax' is enabled.
